
.globl fresh_1
fresh_1:
  addi sp, sp, -16 # allocate for Pad, RA, and 0 locals 
  sd ra, (sp)
  ld t0, 16(sp)
  li t1, 0
  add  t2, t0, t1
  mv t2, a0
  ld ra, (sp)
  addi sp, sp, 16 # DEallocate for Pad, RA and 0 locals variables 
  ret # fresh_1

.globl f
f:
  addi sp, sp, -16 # allocate for RA, and 1 locals y
  sd ra, 8(sp)
  addi sp, sp, -16
  sd ra, 8(sp)
  ld t0, 32(sp)
  sd t0, (sp)
  call rukaml_print_int
  ld ra, 8(sp)
  sd a0, 16(sp)
  addi sp, sp, 16
  lla a0, fresh_1
  li a1, 1
  call rukaml_alloc_closure
  mv a0, a0
  ld ra, 8(sp)
  addi sp, sp, 16 # DEallocate for RA, and 1 locals y
  ret # f

.globl main
main:
# this is main
  addi sp, sp, -32 # allocate for Pad, RA, and 2 locals y, x
  sd ra, 16(sp)
# Allocate args to call fun "f" with args
  addi sp, sp, -16 # last_pos = 6
  li t0, 1
  sd t0, (sp) # constant
  call f
  addi sp, sp, 16 # deallocate 1 args
  sd a0, 8(sp)
# Allocate args to call fun "f" with args
  addi sp, sp, -16 # last_pos = 6
  li t0, 1
  sd t0, (sp) # constant
  call f
  addi sp, sp, 16 # deallocate 1 args
  sd a0, (sp)
  li a0, 0
  ld ra, 16(sp)
  addi sp, sp, 32 # DEallocate for Pad, RA and 2 locals variables y, x
#  fin
  addi a0, x0, 0 # Use 0 return code
  addi a7, x0, 93 # Service command code 93 terminates
  ecall # Call linux to terminate the program
