let large x =
  (if x
  then print 0 
  else print 1 )
let main =
  let temp4 = (if false
              then false
              else let t42 = print 42  in
                     true) in
    let temp5 = (if temp4
                then false
                else true) in
      let x = (if temp5
              then false
              else true) in
        large x 